Component: ARM Compiler 5.06 update 7 (build 960) Tool: armlink [4d3601]

==============================================================================

Section Cross References

    startup_lpc17xx.o(RESET) refers to startup_lpc17xx.o(STACK) for __initial_sp
    startup_lpc17xx.o(RESET) refers to startup_lpc17xx.o(.text) for Reset_Handler
    startup_lpc17xx.o(RESET) refers to irq.o(.text) for SysTick_Handler
    startup_lpc17xx.o(.text) refers to system_lpc17xx.o(.text) for SystemInit
    startup_lpc17xx.o(.text) refers to entry.o(.ARM.Collect$$$$00000000) for __main
    system_lpc17xx.o(.text) refers to uldiv.o(.text) for __aeabi_uldivmod
    system_lpc17xx.o(.text) refers to system_lpc17xx.o(.data) for SystemCoreClock
    glcd_spi_lpc1700.o(.text) refers to glcd_spi_lpc1700.o(.emb_text) for wait
    glcd_spi_lpc1700.o(.text) refers to glcd_spi_lpc1700.o(.data) for driverCode
    glcd_spi_lpc1700.o(.text) refers to glcd_spi_lpc1700.o(.constdata) for Font_6x8_h
    led.o(.text) refers to led.o(.constdata) for led_mask
    irq.o(.text) refers to irq.o(.data) for ticks
    blinky.o(.text) refers to led.o(.text) for LED_Init
    blinky.o(.text) refers to glcd_spi_lpc1700.o(.text) for GLCD_Init
    blinky.o(.text) refers to bg_16bpp_t.o(.constdata) for Bg_16bpp_t
    blinky.o(.text) refers to bg_16bpp_l.o(.data) for Bg_16bpp_l
    blinky.o(.text) refers to bg_16bpp_r.o(.constdata) for Bg_16bpp_r
    blinky.o(.text) refers to bg_16bpp_b.o(.constdata) for Bg_16bpp_b
    blinky.o(.text) refers to system_lpc17xx.o(.data) for SystemCoreClock
    blinky.o(.text) refers to irq.o(.data) for ClockANI
    blinky.o(.text) refers to arm_ani_16bpp.o(.constdata) for ARM_Ani_16bpp
    entry.o(.ARM.Collect$$$$00000000) refers (Special) to entry10a.o(.ARM.Collect$$$$0000000F) for __rt_final_cpp
    entry.o(.ARM.Collect$$$$00000000) refers (Special) to entry11a.o(.ARM.Collect$$$$00000011) for __rt_final_exit
    entry.o(.ARM.Collect$$$$00000000) refers (Special) to entry12b.o(.ARM.Collect$$$$0000000E) for __rt_lib_shutdown_fini
    entry.o(.ARM.Collect$$$$00000000) refers (Special) to entry7b.o(.ARM.Collect$$$$00000008) for _main_clock
    entry.o(.ARM.Collect$$$$00000000) refers (Special) to entry8b.o(.ARM.Collect$$$$0000000A) for _main_cpp_init
    entry.o(.ARM.Collect$$$$00000000) refers (Special) to entry9a.o(.ARM.Collect$$$$0000000B) for _main_init
    entry.o(.ARM.Collect$$$$00000000) refers (Special) to entry5.o(.ARM.Collect$$$$00000004) for _main_scatterload
    entry.o(.ARM.Collect$$$$00000000) refers (Special) to entry2.o(.ARM.Collect$$$$00000001) for _main_stk
    uldiv.o(.text) refers to llushr.o(.text) for __aeabi_llsr
    uldiv.o(.text) refers to llshl.o(.text) for __aeabi_llsl
    entry2.o(.ARM.Collect$$$$00000001) refers to entry2.o(.ARM.Collect$$$$00002712) for __lit__00000000
    entry2.o(.ARM.Collect$$$$00002712) refers to startup_lpc17xx.o(STACK) for __initial_sp
    entry2.o(__vectab_stack_and_reset_area) refers to startup_lpc17xx.o(STACK) for __initial_sp
    entry2.o(__vectab_stack_and_reset_area) refers to entry.o(.ARM.Collect$$$$00000000) for __main
    entry5.o(.ARM.Collect$$$$00000004) refers to init.o(.text) for __scatterload
    entry9a.o(.ARM.Collect$$$$0000000B) refers to blinky.o(.text) for main
    entry9b.o(.ARM.Collect$$$$0000000C) refers to blinky.o(.text) for main
    init.o(.text) refers to entry5.o(.ARM.Collect$$$$00000004) for __main_after_scatterload


==============================================================================

Removing Unused input sections from the image.

    Removing startup_lpc17xx.o(HEAP), (0 bytes).
    Removing system_lpc17xx.o(.rev16_text), (4 bytes).
    Removing system_lpc17xx.o(.revsh_text), (4 bytes).
    Removing glcd_spi_lpc1700.o(.rev16_text), (4 bytes).
    Removing glcd_spi_lpc1700.o(.revsh_text), (4 bytes).
    Removing led.o(.rev16_text), (4 bytes).
    Removing led.o(.revsh_text), (4 bytes).
    Removing blinky.o(.rev16_text), (4 bytes).
    Removing blinky.o(.revsh_text), (4 bytes).

9 unused section(s) (total 32 bytes) removed from the image.

==============================================================================

Image Symbol Table

    Local Symbols

    Symbol Name                              Value     Ov Type        Size  Object(Section)

    RESET                                    0x00000000   Section      204  startup_lpc17xx.o(RESET)
    ../clib/../cmprslib/lz77c.c              0x00000000   Number         0  __dclz77c.o ABSOLUTE
    ../clib/microlib/division.c              0x00000000   Number         0  uldiv.o ABSOLUTE
    ../clib/microlib/init/entry.s            0x00000000   Number         0  entry12b.o ABSOLUTE
    ../clib/microlib/init/entry.s            0x00000000   Number         0  entry8b.o ABSOLUTE
    ../clib/microlib/init/entry.s            0x00000000   Number         0  entry2.o ABSOLUTE
    ../clib/microlib/init/entry.s            0x00000000   Number         0  entry5.o ABSOLUTE
    ../clib/microlib/init/entry.s            0x00000000   Number         0  entry8a.o ABSOLUTE
    ../clib/microlib/init/entry.s            0x00000000   Number         0  entry7a.o ABSOLUTE
    ../clib/microlib/init/entry.s            0x00000000   Number         0  entry7b.o ABSOLUTE
    ../clib/microlib/init/entry.s            0x00000000   Number         0  entry12a.o ABSOLUTE
    ../clib/microlib/init/entry.s            0x00000000   Number         0  entry11b.o ABSOLUTE
    ../clib/microlib/init/entry.s            0x00000000   Number         0  entry11a.o ABSOLUTE
    ../clib/microlib/init/entry.s            0x00000000   Number         0  entry10b.o ABSOLUTE
    ../clib/microlib/init/entry.s            0x00000000   Number         0  entry10a.o ABSOLUTE
    ../clib/microlib/init/entry.s            0x00000000   Number         0  entry9b.o ABSOLUTE
    ../clib/microlib/init/entry.s            0x00000000   Number         0  entry9a.o ABSOLUTE
    ../clib/microlib/init/entry.s            0x00000000   Number         0  entry.o ABSOLUTE
    ../clib/microlib/longlong.c              0x00000000   Number         0  llushr.o ABSOLUTE
    ../clib/microlib/longlong.c              0x00000000   Number         0  llshl.o ABSOLUTE
    ARM_Ani_16bpp.c                          0x00000000   Number         0  arm_ani_16bpp.o ABSOLUTE
    Bg_16bpp_b.c                             0x00000000   Number         0  bg_16bpp_b.o ABSOLUTE
    Bg_16bpp_l.c                             0x00000000   Number         0  bg_16bpp_l.o ABSOLUTE
    Bg_16bpp_r.c                             0x00000000   Number         0  bg_16bpp_r.o ABSOLUTE
    Bg_16bpp_t.c                             0x00000000   Number         0  bg_16bpp_t.o ABSOLUTE
    Blinky.c                                 0x00000000   Number         0  blinky.o ABSOLUTE
    Blinky.c                                 0x00000000   Number         0  blinky.o ABSOLUTE
    GLCD_SPI_LPC1700.c                       0x00000000   Number         0  glcd_spi_lpc1700.o ABSOLUTE
    GLCD_SPI_LPC1700.c                       0x00000000   Number         0  glcd_spi_lpc1700.o ABSOLUTE
    IRQ.c                                    0x00000000   Number         0  irq.o ABSOLUTE
    LED.c                                    0x00000000   Number         0  led.o ABSOLUTE
    LED.c                                    0x00000000   Number         0  led.o ABSOLUTE
    dc.s                                     0x00000000   Number         0  dc.o ABSOLUTE
    handlers.s                               0x00000000   Number         0  handlers.o ABSOLUTE
    init.s                                   0x00000000   Number         0  init.o ABSOLUTE
    startup_LPC17xx.s                        0x00000000   Number         0  startup_lpc17xx.o ABSOLUTE
    system_LPC17xx.c                         0x00000000   Number         0  system_lpc17xx.o ABSOLUTE
    system_LPC17xx.c                         0x00000000   Number         0  system_lpc17xx.o ABSOLUTE
    .ARM.Collect$$$$00000000                 0x000000cc   Section        0  entry.o(.ARM.Collect$$$$00000000)
    .ARM.Collect$$$$00000001                 0x000000cc   Section        4  entry2.o(.ARM.Collect$$$$00000001)
    .ARM.Collect$$$$00000004                 0x000000d0   Section        4  entry5.o(.ARM.Collect$$$$00000004)
    .ARM.Collect$$$$00000008                 0x000000d4   Section        0  entry7b.o(.ARM.Collect$$$$00000008)
    .ARM.Collect$$$$0000000A                 0x000000d4   Section        0  entry8b.o(.ARM.Collect$$$$0000000A)
    .ARM.Collect$$$$0000000B                 0x000000d4   Section        8  entry9a.o(.ARM.Collect$$$$0000000B)
    .ARM.Collect$$$$0000000E                 0x000000dc   Section        4  entry12b.o(.ARM.Collect$$$$0000000E)
    .ARM.Collect$$$$0000000F                 0x000000e0   Section        0  entry10a.o(.ARM.Collect$$$$0000000F)
    .ARM.Collect$$$$00000011                 0x000000e0   Section        0  entry11a.o(.ARM.Collect$$$$00000011)
    .ARM.Collect$$$$00002712                 0x000000e0   Section        4  entry2.o(.ARM.Collect$$$$00002712)
    __lit__00000000                          0x000000e0   Data           4  entry2.o(.ARM.Collect$$$$00002712)
    .emb_text                                0x000000e4   Section        4  glcd_spi_lpc1700.o(.emb_text)
    .text                                    0x000000e8   Section       36  startup_lpc17xx.o(.text)
    .text                                    0x0000010c   Section        0  led.o(.text)
    .text                                    0x00000180   Section        0  irq.o(.text)
    .text                                    0x000001fc   Section        0  uldiv.o(.text)
    .text                                    0x0000025e   Section        0  llshl.o(.text)
    .text                                    0x0000027c   Section        0  llushr.o(.text)
    .text                                    0x0000029c   Section       36  init.o(.text)
    i.__scatterload_copy                     0x000002c0   Section       14  handlers.o(i.__scatterload_copy)
    i.__scatterload_null                     0x000002ce   Section        2  handlers.o(i.__scatterload_null)
    i.__scatterload_zeroinit                 0x000002d0   Section       14  handlers.o(i.__scatterload_zeroinit)
    .ARM.__at_0x02FC                         0x000002fc   Section        4  startup_lpc17xx.o(.ARM.__at_0x02FC)
    .text                                    0x00000300   Section        0  system_lpc17xx.o(.text)
    .text                                    0x000005ec   Section        0  glcd_spi_lpc1700.o(.text)
    delay                                    0x000005ed   Thumb Code    14  glcd_spi_lpc1700.o(.text)
    lcd_send                                 0x00000607   Thumb Code    44  glcd_spi_lpc1700.o(.text)
    wr_cmd                                   0x00000633   Thumb Code    44  glcd_spi_lpc1700.o(.text)
    wr_dat                                   0x0000065f   Thumb Code    44  glcd_spi_lpc1700.o(.text)
    wr_reg                                   0x0000068b   Thumb Code    36  glcd_spi_lpc1700.o(.text)
    rd_reg                                   0x000006af   Thumb Code    38  glcd_spi_lpc1700.o(.text)
    wr_dat_start                             0x00001385   Thumb Code    10  glcd_spi_lpc1700.o(.text)
    wr_dat_stop                              0x0000138f   Thumb Code    10  glcd_spi_lpc1700.o(.text)
    wr_dat_only                              0x00001399   Thumb Code    32  glcd_spi_lpc1700.o(.text)
    rd_dat                                   0x000013b9   Thumb Code    98  glcd_spi_lpc1700.o(.text)
    .text                                    0x00001420   Section        0  blinky.o(.text)
    .text                                    0x00001568   Section        0  __dclz77c.o(.text)
    .constdata                               0x000015c6   Section     6272  glcd_spi_lpc1700.o(.constdata)
    .constdata                               0x00002e48   Section       32  led.o(.constdata)
    .constdata                               0x00002e68   Section    44855  bg_16bpp_t.o(.constdata)
    .constdata                               0x0000dd9f   Section      886  bg_16bpp_r.o(.constdata)
    .constdata                               0x0000e115   Section    44230  bg_16bpp_b.o(.constdata)
    .constdata                               0x00018ddb   Section    108000  arm_ani_16bpp.o(.constdata)
    .data                                    0x10000000   Section        4  system_lpc17xx.o(.data)
    .data                                    0x10000004   Section        6  glcd_spi_lpc1700.o(.data)
    TextColor                                0x10000004   Data           2  glcd_spi_lpc1700.o(.data)
    BackColor                                0x10000006   Data           2  glcd_spi_lpc1700.o(.data)
    driverCode                               0x10000008   Data           2  glcd_spi_lpc1700.o(.data)
    .data                                    0x1000000c   Section        7  irq.o(.data)
    .data                                    0x10000013   Section      886  bg_16bpp_l.o(.data)
    STACK                                    0x10000390   Section      512  startup_lpc17xx.o(STACK)

    Global Symbols

    Symbol Name                              Value     Ov Type        Size  Object(Section)

    BuildAttributes$$THM_ISAv4$P$D$K$B$S$PE$A:L22UL41UL21$X:L11$S22US41US21$IEEE1$IW$USESV6$~STKCKD$USESV7$~SHL$OSPACE$EBA8$MICROLIB$REQ8$PRES8$EABIv2 0x00000000   Number         0  anon$$obj.o ABSOLUTE
    __ARM_use_no_argv                        0x00000000   Number         0  blinky.o ABSOLUTE
    __Vectors                                0x00000000   Data           4  startup_lpc17xx.o(RESET)
    __arm_fini_                               - Undefined Weak Reference
    __cpp_initialize__aeabi_                  - Undefined Weak Reference
    __cxa_finalize                            - Undefined Weak Reference
    _clock_init                               - Undefined Weak Reference
    _microlib_exit                            - Undefined Weak Reference
    __main                                   0x000000cd   Thumb Code     0  entry.o(.ARM.Collect$$$$00000000)
    _main_stk                                0x000000cd   Thumb Code     0  entry2.o(.ARM.Collect$$$$00000001)
    _main_scatterload                        0x000000d1   Thumb Code     0  entry5.o(.ARM.Collect$$$$00000004)
    __main_after_scatterload                 0x000000d5   Thumb Code     0  entry5.o(.ARM.Collect$$$$00000004)
    _main_clock                              0x000000d5   Thumb Code     0  entry7b.o(.ARM.Collect$$$$00000008)
    _main_cpp_init                           0x000000d5   Thumb Code     0  entry8b.o(.ARM.Collect$$$$0000000A)
    _main_init                               0x000000d5   Thumb Code     0  entry9a.o(.ARM.Collect$$$$0000000B)
    __rt_lib_shutdown_fini                   0x000000dd   Thumb Code     0  entry12b.o(.ARM.Collect$$$$0000000E)
    __rt_final_cpp                           0x000000e1   Thumb Code     0  entry10a.o(.ARM.Collect$$$$0000000F)
    __rt_final_exit                          0x000000e1   Thumb Code     0  entry11a.o(.ARM.Collect$$$$00000011)
    wait                                     0x000000e5   Thumb Code     4  glcd_spi_lpc1700.o(.emb_text)
    Reset_Handler                            0x000000e9   Thumb Code     8  startup_lpc17xx.o(.text)
    NMI_Handler                              0x000000f1   Thumb Code     2  startup_lpc17xx.o(.text)
    HardFault_Handler                        0x000000f3   Thumb Code     2  startup_lpc17xx.o(.text)
    MemManage_Handler                        0x000000f5   Thumb Code     2  startup_lpc17xx.o(.text)
    BusFault_Handler                         0x000000f7   Thumb Code     2  startup_lpc17xx.o(.text)
    UsageFault_Handler                       0x000000f9   Thumb Code     2  startup_lpc17xx.o(.text)
    SVC_Handler                              0x000000fb   Thumb Code     2  startup_lpc17xx.o(.text)
    DebugMon_Handler                         0x000000fd   Thumb Code     2  startup_lpc17xx.o(.text)
    PendSV_Handler                           0x000000ff   Thumb Code     2  startup_lpc17xx.o(.text)
    ADC_IRQHandler                           0x00000103   Thumb Code     0  startup_lpc17xx.o(.text)
    BOD_IRQHandler                           0x00000103   Thumb Code     0  startup_lpc17xx.o(.text)
    CANActivity_IRQHandler                   0x00000103   Thumb Code     0  startup_lpc17xx.o(.text)
    CAN_IRQHandler                           0x00000103   Thumb Code     0  startup_lpc17xx.o(.text)
    DMA_IRQHandler                           0x00000103   Thumb Code     0  startup_lpc17xx.o(.text)
    EINT0_IRQHandler                         0x00000103   Thumb Code     0  startup_lpc17xx.o(.text)
    EINT1_IRQHandler                         0x00000103   Thumb Code     0  startup_lpc17xx.o(.text)
    EINT2_IRQHandler                         0x00000103   Thumb Code     0  startup_lpc17xx.o(.text)
    EINT3_IRQHandler                         0x00000103   Thumb Code     0  startup_lpc17xx.o(.text)
    ENET_IRQHandler                          0x00000103   Thumb Code     0  startup_lpc17xx.o(.text)
    I2C0_IRQHandler                          0x00000103   Thumb Code     0  startup_lpc17xx.o(.text)
    I2C1_IRQHandler                          0x00000103   Thumb Code     0  startup_lpc17xx.o(.text)
    I2C2_IRQHandler                          0x00000103   Thumb Code     0  startup_lpc17xx.o(.text)
    I2S_IRQHandler                           0x00000103   Thumb Code     0  startup_lpc17xx.o(.text)
    MCPWM_IRQHandler                         0x00000103   Thumb Code     0  startup_lpc17xx.o(.text)
    PLL0_IRQHandler                          0x00000103   Thumb Code     0  startup_lpc17xx.o(.text)
    PLL1_IRQHandler                          0x00000103   Thumb Code     0  startup_lpc17xx.o(.text)
    PWM1_IRQHandler                          0x00000103   Thumb Code     0  startup_lpc17xx.o(.text)
    QEI_IRQHandler                           0x00000103   Thumb Code     0  startup_lpc17xx.o(.text)
    RIT_IRQHandler                           0x00000103   Thumb Code     0  startup_lpc17xx.o(.text)
    RTC_IRQHandler                           0x00000103   Thumb Code     0  startup_lpc17xx.o(.text)
    SPI_IRQHandler                           0x00000103   Thumb Code     0  startup_lpc17xx.o(.text)
    SSP0_IRQHandler                          0x00000103   Thumb Code     0  startup_lpc17xx.o(.text)
    SSP1_IRQHandler                          0x00000103   Thumb Code     0  startup_lpc17xx.o(.text)
    TIMER0_IRQHandler                        0x00000103   Thumb Code     0  startup_lpc17xx.o(.text)
    TIMER1_IRQHandler                        0x00000103   Thumb Code     0  startup_lpc17xx.o(.text)
    TIMER2_IRQHandler                        0x00000103   Thumb Code     0  startup_lpc17xx.o(.text)
    TIMER3_IRQHandler                        0x00000103   Thumb Code     0  startup_lpc17xx.o(.text)
    UART0_IRQHandler                         0x00000103   Thumb Code     0  startup_lpc17xx.o(.text)
    UART1_IRQHandler                         0x00000103   Thumb Code     0  startup_lpc17xx.o(.text)
    UART2_IRQHandler                         0x00000103   Thumb Code     0  startup_lpc17xx.o(.text)
    UART3_IRQHandler                         0x00000103   Thumb Code     0  startup_lpc17xx.o(.text)
    USBActivity_IRQHandler                   0x00000103   Thumb Code     0  startup_lpc17xx.o(.text)
    USB_IRQHandler                           0x00000103   Thumb Code     0  startup_lpc17xx.o(.text)
    WDT_IRQHandler                           0x00000103   Thumb Code     0  startup_lpc17xx.o(.text)
    LED_Init                                 0x0000010d   Thumb Code    30  led.o(.text)
    LED_On                                   0x0000012b   Thumb Code    18  led.o(.text)
    LED_Off                                  0x0000013d   Thumb Code    18  led.o(.text)
    LED_Out                                  0x0000014f   Thumb Code    38  led.o(.text)
    SysTick_Handler                          0x00000181   Thumb Code   108  irq.o(.text)
    __aeabi_uldivmod                         0x000001fd   Thumb Code    98  uldiv.o(.text)
    __aeabi_llsl                             0x0000025f   Thumb Code    30  llshl.o(.text)
    _ll_shift_l                              0x0000025f   Thumb Code     0  llshl.o(.text)
    __aeabi_llsr                             0x0000027d   Thumb Code    32  llushr.o(.text)
    _ll_ushift_r                             0x0000027d   Thumb Code     0  llushr.o(.text)
    __scatterload                            0x0000029d   Thumb Code    28  init.o(.text)
    __scatterload_rt2                        0x0000029d   Thumb Code     0  init.o(.text)
    __scatterload_copy                       0x000002c1   Thumb Code    14  handlers.o(i.__scatterload_copy)
    __scatterload_null                       0x000002cf   Thumb Code     2  handlers.o(i.__scatterload_null)
    __scatterload_zeroinit                   0x000002d1   Thumb Code    14  handlers.o(i.__scatterload_zeroinit)
    SystemCoreClockUpdate                    0x00000301   Thumb Code   408  system_lpc17xx.o(.text)
    SystemInit                               0x00000499   Thumb Code   310  system_lpc17xx.o(.text)
    wait_delay                               0x000005fb   Thumb Code    12  glcd_spi_lpc1700.o(.text)
    GLCD_Init                                0x000006d5   Thumb Code  2068  glcd_spi_lpc1700.o(.text)
    GLCD_SetWindow                           0x00000ee9   Thumb Code   148  glcd_spi_lpc1700.o(.text)
    GLCD_WindowMax                           0x00000f7d   Thumb Code    18  glcd_spi_lpc1700.o(.text)
    GLCD_PutPixel                            0x00000f8f   Thumb Code    96  glcd_spi_lpc1700.o(.text)
    GLCD_SetTextColor                        0x00000fef   Thumb Code     6  glcd_spi_lpc1700.o(.text)
    GLCD_SetBackColor                        0x00000ff5   Thumb Code     6  glcd_spi_lpc1700.o(.text)
    GLCD_Clear                               0x00000ffb   Thumb Code    96  glcd_spi_lpc1700.o(.text)
    GLCD_DrawChar_U8                         0x0000105b   Thumb Code   120  glcd_spi_lpc1700.o(.text)
    GLCD_DrawChar_U16                        0x000010d3   Thumb Code   120  glcd_spi_lpc1700.o(.text)
    GLCD_DisplayChar                         0x0000114b   Thumb Code    84  glcd_spi_lpc1700.o(.text)
    GLCD_DisplayString                       0x0000119f   Thumb Code    44  glcd_spi_lpc1700.o(.text)
    GLCD_ClearLn                             0x000011cb   Thumb Code    94  glcd_spi_lpc1700.o(.text)
    GLCD_Bargraph                            0x00001229   Thumb Code   114  glcd_spi_lpc1700.o(.text)
    GLCD_Bitmap                              0x0000129b   Thumb Code   124  glcd_spi_lpc1700.o(.text)
    GLCD_Bmp                                 0x00001317   Thumb Code   108  glcd_spi_lpc1700.o(.text)
    GLCD_ScrollVertical                      0x00001383   Thumb Code     2  glcd_spi_lpc1700.o(.text)
    main                                     0x00001421   Thumb Code   284  blinky.o(.text)
    __decompress                             0x00001569   Thumb Code     0  __dclz77c.o(.text)
    __decompress2                            0x00001569   Thumb Code    94  __dclz77c.o(.text)
    Font_6x8_h                               0x000015c6   Data         896  glcd_spi_lpc1700.o(.constdata)
    Font_16x24_h                             0x00001946   Data        5376  glcd_spi_lpc1700.o(.constdata)
    led_mask                                 0x00002e48   Data          32  led.o(.constdata)
    Bg_16bpp_t                               0x00002e68   Data         625  bg_16bpp_t.o(.constdata)
    Bg_16bpp_t_2                             0x000030d9   Data       44230  bg_16bpp_t.o(.constdata)
    Bg_16bpp_r                               0x0000dd9f   Data         886  bg_16bpp_r.o(.constdata)
    Bg_16bpp_b                               0x0000e115   Data       44230  bg_16bpp_b.o(.constdata)
    ARM_Ani_16bpp                            0x00018ddb   Data       108000  arm_ani_16bpp.o(.constdata)
    Region$$Table$$Base                      0x000333bc   Number         0  anon$$obj.o(Region$$Table)
    Region$$Table$$Limit                     0x000333dc   Number         0  anon$$obj.o(Region$$Table)
    SystemCoreClock                          0x10000000   Data           4  system_lpc17xx.o(.data)
    ticks                                    0x1000000c   Data           4  irq.o(.data)
    ClockLEDOn                               0x10000010   Data           1  irq.o(.data)
    ClockLEDOff                              0x10000011   Data           1  irq.o(.data)
    ClockANI                                 0x10000012   Data           1  irq.o(.data)
    Bg_16bpp_l                               0x10000013   Data         886  bg_16bpp_l.o(.data)
    __initial_sp                             0x10000590   Data           0  startup_lpc17xx.o(STACK)



==============================================================================

Memory Map of the image

  Image Entry point : 0x000000cd

  Load Region LR_IROM1 (Base: 0x00000000, Size: 0x00033768, Max: 0x00040000, ABSOLUTE, COMPRESSED[0x000334d4])

    Execution Region ER_IROM1 (Exec base: 0x00000000, Load base: 0x00000000, Size: 0x000333dc, Max: 0x00040000, ABSOLUTE)

    Exec Addr    Load Addr    Size         Type   Attr      Idx    E Section Name        Object

    0x00000000   0x00000000   0x000000cc   Data   RO            3    RESET               startup_lpc17xx.o
    0x000000cc   0x000000cc   0x00000000   Code   RO          212  * .ARM.Collect$$$$00000000  mc_w.l(entry.o)
    0x000000cc   0x000000cc   0x00000004   Code   RO          217    .ARM.Collect$$$$00000001  mc_w.l(entry2.o)
    0x000000d0   0x000000d0   0x00000004   Code   RO          220    .ARM.Collect$$$$00000004  mc_w.l(entry5.o)
    0x000000d4   0x000000d4   0x00000000   Code   RO          222    .ARM.Collect$$$$00000008  mc_w.l(entry7b.o)
    0x000000d4   0x000000d4   0x00000000   Code   RO          224    .ARM.Collect$$$$0000000A  mc_w.l(entry8b.o)
    0x000000d4   0x000000d4   0x00000008   Code   RO          225    .ARM.Collect$$$$0000000B  mc_w.l(entry9a.o)
    0x000000dc   0x000000dc   0x00000004   Code   RO          232    .ARM.Collect$$$$0000000E  mc_w.l(entry12b.o)
    0x000000e0   0x000000e0   0x00000000   Code   RO          227    .ARM.Collect$$$$0000000F  mc_w.l(entry10a.o)
    0x000000e0   0x000000e0   0x00000000   Code   RO          229    .ARM.Collect$$$$00000011  mc_w.l(entry11a.o)
    0x000000e0   0x000000e0   0x00000004   Code   RO          218    .ARM.Collect$$$$00002712  mc_w.l(entry2.o)
    0x000000e4   0x000000e4   0x00000004   Code   RO           58    .emb_text           glcd_spi_lpc1700.o
    0x000000e8   0x000000e8   0x00000024   Code   RO            5    .text               startup_lpc17xx.o
    0x0000010c   0x0000010c   0x00000074   Code   RO          106    .text               led.o
    0x00000180   0x00000180   0x0000007c   Code   RO          137    .text               irq.o
    0x000001fc   0x000001fc   0x00000062   Code   RO          215    .text               mc_w.l(uldiv.o)
    0x0000025e   0x0000025e   0x0000001e   Code   RO          233    .text               mc_w.l(llshl.o)
    0x0000027c   0x0000027c   0x00000020   Code   RO          235    .text               mc_w.l(llushr.o)
    0x0000029c   0x0000029c   0x00000024   Code   RO          237    .text               mc_w.l(init.o)
    0x000002c0   0x000002c0   0x0000000e   Code   RO          241    i.__scatterload_copy  mc_w.l(handlers.o)
    0x000002ce   0x000002ce   0x00000002   Code   RO          242    i.__scatterload_null  mc_w.l(handlers.o)
    0x000002d0   0x000002d0   0x0000000e   Code   RO          243    i.__scatterload_zeroinit  mc_w.l(handlers.o)
    0x000002de   0x000002de   0x0000001e   PAD
    0x000002fc   0x000002fc   0x00000004   Code   RO            4    .ARM.__at_0x02FC    startup_lpc17xx.o
    0x00000300   0x00000300   0x000002ec   Code   RO           15    .text               system_lpc17xx.o
    0x000005ec   0x000005ec   0x00000e34   Code   RO           59    .text               glcd_spi_lpc1700.o
    0x00001420   0x00001420   0x00000148   Code   RO          151    .text               blinky.o
    0x00001568   0x00001568   0x0000005e   Code   RO          247    .text               mc_w.l(__dclz77c.o)
    0x000015c6   0x000015c6   0x00001880   Data   RO           60    .constdata          glcd_spi_lpc1700.o
    0x00002e46   0x00002e46   0x00000002   PAD
    0x00002e48   0x00002e48   0x00000020   Data   RO          107    .constdata          led.o
    0x00002e68   0x00002e68   0x0000af37   Data   RO          177    .constdata          bg_16bpp_t.o
    0x0000dd9f   0x0000dd9f   0x00000376   Data   RO          191    .constdata          bg_16bpp_r.o
    0x0000e115   0x0000e115   0x0000acc6   Data   RO          198    .constdata          bg_16bpp_b.o
    0x00018ddb   0x00018ddb   0x0001a5e0   Data   RO          205    .constdata          arm_ani_16bpp.o
    0x000333bb   0x000333bb   0x00000001   PAD
    0x000333bc   0x000333bc   0x00000020   Data   RO          239    Region$$Table       anon$$obj.o


    Execution Region RW_IRAM1 (Exec base: 0x10000000, Load base: 0x000333dc, Size: 0x00000590, Max: 0x00008000, ABSOLUTE, COMPRESSED[0x000000f8])

    Exec Addr    Load Addr    Size         Type   Attr      Idx    E Section Name        Object

    0x10000000   COMPRESSED   0x00000004   Data   RW           16    .data               system_lpc17xx.o
    0x10000004   COMPRESSED   0x00000006   Data   RW           61    .data               glcd_spi_lpc1700.o
    0x1000000a   COMPRESSED   0x00000002   PAD
    0x1000000c   COMPRESSED   0x00000007   Data   RW          138    .data               irq.o
    0x10000013   COMPRESSED   0x00000376   Data   RW          184    .data               bg_16bpp_l.o
    0x10000389   COMPRESSED   0x00000007   PAD
    0x10000390        -       0x00000200   Zero   RW            1    STACK               startup_lpc17xx.o


==============================================================================

Image component sizes


      Code (inc. data)   RO Data    RW Data    ZI Data      Debug   Object Name

         0          0     108000          0          0        384   arm_ani_16bpp.o
         0          0      44230          0          0        369   bg_16bpp_b.o
         0          0          0        886          0        365   bg_16bpp_l.o
         0          0        886          0          0        369   bg_16bpp_r.o
         0          0      44855          0          0        426   bg_16bpp_t.o
       328         44          0          0          0      24478   blinky.o
      3640         46       6272          6          0      10611   glcd_spi_lpc1700.o
       124         16          0          7          0        750   irq.o
       116         12         32          0          0      18073   led.o
        40         12        204          0        512        964   startup_lpc17xx.o
       748         30          0          4          0       5529   system_lpc17xx.o

    ----------------------------------------------------------------------
      4996        160     204514        908        516      62318   Object Totals
         0          0         32          0          0          0   (incl. Generated)
         0          0          3          5          4          0   (incl. Padding)

    ----------------------------------------------------------------------

      Code (inc. data)   RO Data    RW Data    ZI Data      Debug   Library Member Name

        94          0          0          0          0          0   __dclz77c.o
         0          0          0          0          0          0   entry.o
         0          0          0          0          0          0   entry10a.o
         0          0          0          0          0          0   entry11a.o
         4          0          0          0          0          0   entry12b.o
         8          4          0          0          0          0   entry2.o
         4          0          0          0          0          0   entry5.o
         0          0          0          0          0          0   entry7b.o
         0          0          0          0          0          0   entry8b.o
         8          4          0          0          0          0   entry9a.o
        30          0          0          0          0          0   handlers.o
        36          8          0          0          0         68   init.o
        30          0          0          0          0         68   llshl.o
        32          0          0          0          0         68   llushr.o
        98          0          0          0          0         92   uldiv.o

    ----------------------------------------------------------------------
       374         16          0          0          0        296   Library Totals
        30          0          0          0          0          0   (incl. Padding)

    ----------------------------------------------------------------------

      Code (inc. data)   RO Data    RW Data    ZI Data      Debug   Library Name

       344         16          0          0          0        296   mc_w.l

    ----------------------------------------------------------------------
       374         16          0          0          0        296   Library Totals

    ----------------------------------------------------------------------

==============================================================================


      Code (inc. data)   RO Data    RW Data    ZI Data      Debug   

      5370        176     204514        908        516      62326   Grand Totals
      5370        176     204514        248        516      62326   ELF Image Totals (compressed)
      5370        176     204514        248          0          0   ROM Totals

==============================================================================

    Total RO  Size (Code + RO Data)               209884 ( 204.96kB)
    Total RW  Size (RW Data + ZI Data)              1424 (   1.39kB)
    Total ROM Size (Code + RO Data + RW Data)     210132 ( 205.21kB)

==============================================================================

