Component: ARM Compiler 5.06 update 7 (build 960) Tool: armlink [4d3601]

==============================================================================

Section Cross References

    startup_lpc17xx.o(RESET) refers to startup_lpc17xx.o(STACK) for __initial_sp
    startup_lpc17xx.o(RESET) refers to startup_lpc17xx.o(.text) for Reset_Handler
    startup_lpc17xx.o(RESET) refers to can.o(.text) for CAN_IRQHandler
    startup_lpc17xx.o(.text) refers to entry.o(.ARM.Collect$$$$00000000) for __main
    system_lpc17xx.o(.text) refers to system_lpc17xx.o(.data) for SystemFrequency
    can.o(.text) refers to can.o(.constdata) for CAN_BIT_TIME
    can.o(.text) refers to can.o(.data) for CAN_TxRdy
    can.o(.text) refers to can.o(.bss) for CAN_RxMsg
    candemo.o(.text) refers to adc.o(.text) for ADC_init
    candemo.o(.text) refers to glcd_lpc1700.o(.text) for GLCD_DisplayString
    candemo.o(.text) refers to led.o(.text) for LED_out
    candemo.o(.text) refers to can.o(.text) for CAN_setup
    candemo.o(.text) refers to system_lpc17xx.o(.text) for SystemInit
    candemo.o(.text) refers to candemo.o(.data) for hex_chars
    candemo.o(.text) refers to can.o(.bss) for CAN_TxMsg
    candemo.o(.text) refers to can.o(.data) for CAN_TxRdy
    led.o(.text) refers to led.o(.constdata) for led_mask
    glcd_lpc1700.o(.text) refers to glcd_lpc1700.o(.emb_text) for wait
    glcd_lpc1700.o(.text) refers to glcd_lpc1700.o(.data) for driverCode
    glcd_lpc1700.o(.text) refers to glcd_lpc1700.o(.constdata) for Font_24x16
    entry.o(.ARM.Collect$$$$00000000) refers (Special) to entry10a.o(.ARM.Collect$$$$0000000F) for __rt_final_cpp
    entry.o(.ARM.Collect$$$$00000000) refers (Special) to entry11a.o(.ARM.Collect$$$$00000011) for __rt_final_exit
    entry.o(.ARM.Collect$$$$00000000) refers (Special) to entry12b.o(.ARM.Collect$$$$0000000E) for __rt_lib_shutdown_fini
    entry.o(.ARM.Collect$$$$00000000) refers (Special) to entry7b.o(.ARM.Collect$$$$00000008) for _main_clock
    entry.o(.ARM.Collect$$$$00000000) refers (Special) to entry8b.o(.ARM.Collect$$$$0000000A) for _main_cpp_init
    entry.o(.ARM.Collect$$$$00000000) refers (Special) to entry9a.o(.ARM.Collect$$$$0000000B) for _main_init
    entry.o(.ARM.Collect$$$$00000000) refers (Special) to entry5.o(.ARM.Collect$$$$00000004) for _main_scatterload
    entry.o(.ARM.Collect$$$$00000000) refers (Special) to entry2.o(.ARM.Collect$$$$00000001) for _main_stk
    entry2.o(.ARM.Collect$$$$00000001) refers to entry2.o(.ARM.Collect$$$$00002712) for __lit__00000000
    entry2.o(.ARM.Collect$$$$00002712) refers to startup_lpc17xx.o(STACK) for __initial_sp
    entry2.o(__vectab_stack_and_reset_area) refers to startup_lpc17xx.o(STACK) for __initial_sp
    entry2.o(__vectab_stack_and_reset_area) refers to entry.o(.ARM.Collect$$$$00000000) for __main
    entry5.o(.ARM.Collect$$$$00000004) refers to init.o(.text) for __scatterload
    entry9a.o(.ARM.Collect$$$$0000000B) refers to candemo.o(.text) for main
    entry9b.o(.ARM.Collect$$$$0000000C) refers to candemo.o(.text) for main
    init.o(.text) refers to entry5.o(.ARM.Collect$$$$00000004) for __main_after_scatterload


==============================================================================

Removing Unused input sections from the image.

    Removing startup_lpc17xx.o(HEAP), (0 bytes).
    Removing system_lpc17xx.o(.rev16_text), (4 bytes).
    Removing system_lpc17xx.o(.revsh_text), (4 bytes).
    Removing can.o(.rev16_text), (4 bytes).
    Removing can.o(.revsh_text), (4 bytes).
    Removing candemo.o(.rev16_text), (4 bytes).
    Removing candemo.o(.revsh_text), (4 bytes).
    Removing adc.o(.rev16_text), (4 bytes).
    Removing adc.o(.revsh_text), (4 bytes).
    Removing led.o(.rev16_text), (4 bytes).
    Removing led.o(.revsh_text), (4 bytes).
    Removing glcd_lpc1700.o(.rev16_text), (4 bytes).
    Removing glcd_lpc1700.o(.revsh_text), (4 bytes).

13 unused section(s) (total 48 bytes) removed from the image.

==============================================================================

Image Symbol Table

    Local Symbols

    Symbol Name                              Value     Ov Type        Size  Object(Section)

    RESET                                    0x00000000   Section      204  startup_lpc17xx.o(RESET)
    ../clib/microlib/init/entry.s            0x00000000   Number         0  entry8b.o ABSOLUTE
    ../clib/microlib/init/entry.s            0x00000000   Number         0  entry8a.o ABSOLUTE
    ../clib/microlib/init/entry.s            0x00000000   Number         0  entry7b.o ABSOLUTE
    ../clib/microlib/init/entry.s            0x00000000   Number         0  entry7a.o ABSOLUTE
    ../clib/microlib/init/entry.s            0x00000000   Number         0  entry5.o ABSOLUTE
    ../clib/microlib/init/entry.s            0x00000000   Number         0  entry2.o ABSOLUTE
    ../clib/microlib/init/entry.s            0x00000000   Number         0  entry.o ABSOLUTE
    ../clib/microlib/init/entry.s            0x00000000   Number         0  entry12b.o ABSOLUTE
    ../clib/microlib/init/entry.s            0x00000000   Number         0  entry12a.o ABSOLUTE
    ../clib/microlib/init/entry.s            0x00000000   Number         0  entry11b.o ABSOLUTE
    ../clib/microlib/init/entry.s            0x00000000   Number         0  entry11a.o ABSOLUTE
    ../clib/microlib/init/entry.s            0x00000000   Number         0  entry10b.o ABSOLUTE
    ../clib/microlib/init/entry.s            0x00000000   Number         0  entry10a.o ABSOLUTE
    ../clib/microlib/init/entry.s            0x00000000   Number         0  entry9b.o ABSOLUTE
    ../clib/microlib/init/entry.s            0x00000000   Number         0  entry9a.o ABSOLUTE
    ADC.c                                    0x00000000   Number         0  adc.o ABSOLUTE
    ADC.c                                    0x00000000   Number         0  adc.o ABSOLUTE
    CAN.c                                    0x00000000   Number         0  can.o ABSOLUTE
    CAN.c                                    0x00000000   Number         0  can.o ABSOLUTE
    CanDemo.c                                0x00000000   Number         0  candemo.o ABSOLUTE
    CanDemo.c                                0x00000000   Number         0  candemo.o ABSOLUTE
    GLCD_LPC1700.c                           0x00000000   Number         0  glcd_lpc1700.o ABSOLUTE
    GLCD_LPC1700.c                           0x00000000   Number         0  glcd_lpc1700.o ABSOLUTE
    LED.c                                    0x00000000   Number         0  led.o ABSOLUTE
    LED.c                                    0x00000000   Number         0  led.o ABSOLUTE
    dc.s                                     0x00000000   Number         0  dc.o ABSOLUTE
    handlers.s                               0x00000000   Number         0  handlers.o ABSOLUTE
    init.s                                   0x00000000   Number         0  init.o ABSOLUTE
    startup_LPC17xx.s                        0x00000000   Number         0  startup_lpc17xx.o ABSOLUTE
    system_LPC17xx.c                         0x00000000   Number         0  system_lpc17xx.o ABSOLUTE
    system_LPC17xx.c                         0x00000000   Number         0  system_lpc17xx.o ABSOLUTE
    .ARM.Collect$$$$00000000                 0x000000cc   Section        0  entry.o(.ARM.Collect$$$$00000000)
    .ARM.Collect$$$$00000001                 0x000000cc   Section        4  entry2.o(.ARM.Collect$$$$00000001)
    .ARM.Collect$$$$00000004                 0x000000d0   Section        4  entry5.o(.ARM.Collect$$$$00000004)
    .ARM.Collect$$$$00000008                 0x000000d4   Section        0  entry7b.o(.ARM.Collect$$$$00000008)
    .ARM.Collect$$$$0000000A                 0x000000d4   Section        0  entry8b.o(.ARM.Collect$$$$0000000A)
    .ARM.Collect$$$$0000000B                 0x000000d4   Section        8  entry9a.o(.ARM.Collect$$$$0000000B)
    .ARM.Collect$$$$0000000E                 0x000000dc   Section        4  entry12b.o(.ARM.Collect$$$$0000000E)
    .ARM.Collect$$$$0000000F                 0x000000e0   Section        0  entry10a.o(.ARM.Collect$$$$0000000F)
    .ARM.Collect$$$$00000011                 0x000000e0   Section        0  entry11a.o(.ARM.Collect$$$$00000011)
    .ARM.Collect$$$$00002712                 0x000000e0   Section        4  entry2.o(.ARM.Collect$$$$00002712)
    __lit__00000000                          0x000000e0   Data           4  entry2.o(.ARM.Collect$$$$00002712)
    .emb_text                                0x000000e4   Section        4  glcd_lpc1700.o(.emb_text)
    .text                                    0x000000e8   Section       28  startup_lpc17xx.o(.text)
    .text                                    0x00000104   Section        0  system_lpc17xx.o(.text)
    i.__scatterload_null                     0x000002f4   Section        2  handlers.o(i.__scatterload_null)
    .ARM.__at_0x02FC                         0x000002fc   Section        4  startup_lpc17xx.o(.ARM.__at_0x02FC)
    .text                                    0x00000300   Section        0  can.o(.text)
    CAN_cfgBaudrate                          0x00000301   Thumb Code    50  can.o(.text)
    NVIC_EnableIRQ                           0x0000081d   Thumb Code    22  can.o(.text)
    .text                                    0x00000858   Section        0  candemo.o(.text)
    .text                                    0x00000a58   Section        0  adc.o(.text)
    .text                                    0x00000ad4   Section        0  led.o(.text)
    .text                                    0x00000b70   Section        0  glcd_lpc1700.o(.text)
    delay                                    0x00000b71   Thumb Code    14  glcd_lpc1700.o(.text)
    lcd_send                                 0x00000b8b   Thumb Code    44  glcd_lpc1700.o(.text)
    wr_cmd                                   0x00000bb7   Thumb Code    44  glcd_lpc1700.o(.text)
    wr_dat                                   0x00000be3   Thumb Code    44  glcd_lpc1700.o(.text)
    wr_reg                                   0x00000c0f   Thumb Code    36  glcd_lpc1700.o(.text)
    rd_reg                                   0x00000c33   Thumb Code    38  glcd_lpc1700.o(.text)
    rd_dat                                   0x000019c7   Thumb Code    98  glcd_lpc1700.o(.text)
    wr_dat_start                             0x00001a29   Thumb Code    10  glcd_lpc1700.o(.text)
    wr_dat_stop                              0x00001a33   Thumb Code    10  glcd_lpc1700.o(.text)
    wr_dat_only                              0x00001a3d   Thumb Code    32  glcd_lpc1700.o(.text)
    .text                                    0x00001a64   Section       36  init.o(.text)
    i.__scatterload_copy                     0x00001a88   Section       14  handlers.o(i.__scatterload_copy)
    i.__scatterload_zeroinit                 0x00001a96   Section       14  handlers.o(i.__scatterload_zeroinit)
    .constdata                               0x00001aa4   Section       68  can.o(.constdata)
    .constdata                               0x00001ae8   Section       32  led.o(.constdata)
    .constdata                               0x00001b08   Section     5376  glcd_lpc1700.o(.constdata)
    .data                                    0x10000000   Section        4  system_lpc17xx.o(.data)
    .data                                    0x10000004   Section       24  can.o(.data)
    CAN_std_cnt                              0x10000014   Data           4  can.o(.data)
    CAN_ext_cnt                              0x10000018   Data           4  can.o(.data)
    .data                                    0x1000001c   Section       42  candemo.o(.data)
    disp_buf                                 0x10000034   Data          18  candemo.o(.data)
    .data                                    0x10000046   Section        6  glcd_lpc1700.o(.data)
    TextColor                                0x10000046   Data           2  glcd_lpc1700.o(.data)
    BackColor                                0x10000048   Data           2  glcd_lpc1700.o(.data)
    driverCode                               0x1000004a   Data           2  glcd_lpc1700.o(.data)
    .bss                                     0x1000004c   Section       64  can.o(.bss)
    STACK                                    0x10000090   Section      512  startup_lpc17xx.o(STACK)

    Global Symbols

    Symbol Name                              Value     Ov Type        Size  Object(Section)

    BuildAttributes$$THM_ISAv4$P$D$K$B$S$PE$A:L22UL41UL21$X:L11$S22US41US21$IEEE1$IW$USESV6$~STKCKD$USESV7$~SHL$OSPACE$EBA8$MICROLIB$REQ8$PRES8$EABIv2 0x00000000   Number         0  anon$$obj.o ABSOLUTE
    __ARM_use_no_argv                        0x00000000   Number         0  candemo.o ABSOLUTE
    __Vectors                                0x00000000   Data           4  startup_lpc17xx.o(RESET)
    __arm_fini_                               - Undefined Weak Reference
    __cpp_initialize__aeabi_                  - Undefined Weak Reference
    __cxa_finalize                            - Undefined Weak Reference
    __decompress                              - Undefined Weak Reference
    _clock_init                               - Undefined Weak Reference
    _microlib_exit                            - Undefined Weak Reference
    __main                                   0x000000cd   Thumb Code     0  entry.o(.ARM.Collect$$$$00000000)
    _main_stk                                0x000000cd   Thumb Code     0  entry2.o(.ARM.Collect$$$$00000001)
    _main_scatterload                        0x000000d1   Thumb Code     0  entry5.o(.ARM.Collect$$$$00000004)
    __main_after_scatterload                 0x000000d5   Thumb Code     0  entry5.o(.ARM.Collect$$$$00000004)
    _main_clock                              0x000000d5   Thumb Code     0  entry7b.o(.ARM.Collect$$$$00000008)
    _main_cpp_init                           0x000000d5   Thumb Code     0  entry8b.o(.ARM.Collect$$$$0000000A)
    _main_init                               0x000000d5   Thumb Code     0  entry9a.o(.ARM.Collect$$$$0000000B)
    __rt_lib_shutdown_fini                   0x000000dd   Thumb Code     0  entry12b.o(.ARM.Collect$$$$0000000E)
    __rt_final_cpp                           0x000000e1   Thumb Code     0  entry10a.o(.ARM.Collect$$$$0000000F)
    __rt_final_exit                          0x000000e1   Thumb Code     0  entry11a.o(.ARM.Collect$$$$00000011)
    wait                                     0x000000e5   Thumb Code     4  glcd_lpc1700.o(.emb_text)
    Reset_Handler                            0x000000e9   Thumb Code     4  startup_lpc17xx.o(.text)
    NMI_Handler                              0x000000ed   Thumb Code     2  startup_lpc17xx.o(.text)
    HardFault_Handler                        0x000000ef   Thumb Code     2  startup_lpc17xx.o(.text)
    MemManage_Handler                        0x000000f1   Thumb Code     2  startup_lpc17xx.o(.text)
    BusFault_Handler                         0x000000f3   Thumb Code     2  startup_lpc17xx.o(.text)
    UsageFault_Handler                       0x000000f5   Thumb Code     2  startup_lpc17xx.o(.text)
    SVC_Handler                              0x000000f7   Thumb Code     2  startup_lpc17xx.o(.text)
    DebugMon_Handler                         0x000000f9   Thumb Code     2  startup_lpc17xx.o(.text)
    PendSV_Handler                           0x000000fb   Thumb Code     2  startup_lpc17xx.o(.text)
    SysTick_Handler                          0x000000fd   Thumb Code     2  startup_lpc17xx.o(.text)
    ADC_IRQHandler                           0x000000ff   Thumb Code     0  startup_lpc17xx.o(.text)
    BOD_IRQHandler                           0x000000ff   Thumb Code     0  startup_lpc17xx.o(.text)
    CANActivity_IRQHandler                   0x000000ff   Thumb Code     0  startup_lpc17xx.o(.text)
    DMA_IRQHandler                           0x000000ff   Thumb Code     0  startup_lpc17xx.o(.text)
    EINT0_IRQHandler                         0x000000ff   Thumb Code     0  startup_lpc17xx.o(.text)
    EINT1_IRQHandler                         0x000000ff   Thumb Code     0  startup_lpc17xx.o(.text)
    EINT2_IRQHandler                         0x000000ff   Thumb Code     0  startup_lpc17xx.o(.text)
    EINT3_IRQHandler                         0x000000ff   Thumb Code     0  startup_lpc17xx.o(.text)
    ENET_IRQHandler                          0x000000ff   Thumb Code     0  startup_lpc17xx.o(.text)
    I2C0_IRQHandler                          0x000000ff   Thumb Code     0  startup_lpc17xx.o(.text)
    I2C1_IRQHandler                          0x000000ff   Thumb Code     0  startup_lpc17xx.o(.text)
    I2C2_IRQHandler                          0x000000ff   Thumb Code     0  startup_lpc17xx.o(.text)
    I2S_IRQHandler                           0x000000ff   Thumb Code     0  startup_lpc17xx.o(.text)
    MCPWM_IRQHandler                         0x000000ff   Thumb Code     0  startup_lpc17xx.o(.text)
    PLL0_IRQHandler                          0x000000ff   Thumb Code     0  startup_lpc17xx.o(.text)
    PLL1_IRQHandler                          0x000000ff   Thumb Code     0  startup_lpc17xx.o(.text)
    PWM1_IRQHandler                          0x000000ff   Thumb Code     0  startup_lpc17xx.o(.text)
    QEI_IRQHandler                           0x000000ff   Thumb Code     0  startup_lpc17xx.o(.text)
    RIT_IRQHandler                           0x000000ff   Thumb Code     0  startup_lpc17xx.o(.text)
    RTC_IRQHandler                           0x000000ff   Thumb Code     0  startup_lpc17xx.o(.text)
    SPI_IRQHandler                           0x000000ff   Thumb Code     0  startup_lpc17xx.o(.text)
    SSP0_IRQHandler                          0x000000ff   Thumb Code     0  startup_lpc17xx.o(.text)
    SSP1_IRQHandler                          0x000000ff   Thumb Code     0  startup_lpc17xx.o(.text)
    TIMER0_IRQHandler                        0x000000ff   Thumb Code     0  startup_lpc17xx.o(.text)
    TIMER1_IRQHandler                        0x000000ff   Thumb Code     0  startup_lpc17xx.o(.text)
    TIMER2_IRQHandler                        0x000000ff   Thumb Code     0  startup_lpc17xx.o(.text)
    TIMER3_IRQHandler                        0x000000ff   Thumb Code     0  startup_lpc17xx.o(.text)
    UART0_IRQHandler                         0x000000ff   Thumb Code     0  startup_lpc17xx.o(.text)
    UART1_IRQHandler                         0x000000ff   Thumb Code     0  startup_lpc17xx.o(.text)
    UART2_IRQHandler                         0x000000ff   Thumb Code     0  startup_lpc17xx.o(.text)
    UART3_IRQHandler                         0x000000ff   Thumb Code     0  startup_lpc17xx.o(.text)
    USBActivity_IRQHandler                   0x000000ff   Thumb Code     0  startup_lpc17xx.o(.text)
    USB_IRQHandler                           0x000000ff   Thumb Code     0  startup_lpc17xx.o(.text)
    WDT_IRQHandler                           0x000000ff   Thumb Code     0  startup_lpc17xx.o(.text)
    SystemInit                               0x00000105   Thumb Code   468  system_lpc17xx.o(.text)
    __scatterload_null                       0x000002f5   Thumb Code     2  handlers.o(i.__scatterload_null)
    CAN_setup                                0x00000333   Thumb Code   140  can.o(.text)
    CAN_start                                0x000003bf   Thumb Code    18  can.o(.text)
    CAN_waitReady                            0x000003d1   Thumb Code    38  can.o(.text)
    CAN_wrMsg                                0x000003f7   Thumb Code    84  can.o(.text)
    CAN_rdMsg                                0x0000044b   Thumb Code    52  can.o(.text)
    CAN_wrFilter                             0x0000047f   Thumb Code   824  can.o(.text)
    CAN_IRQHandler                           0x000007b7   Thumb Code   102  can.o(.text)
    delay                                    0x00000859   Thumb Code    10  candemo.o(.text)
    Hex_Str                                  0x00000863   Thumb Code    38  candemo.o(.text)
    adc_Init                                 0x00000889   Thumb Code     8  candemo.o(.text)
    adc_Get                                  0x00000891   Thumb Code    22  candemo.o(.text)
    val_display                              0x000008a7   Thumb Code    52  candemo.o(.text)
    can_Init                                 0x000008db   Thumb Code    50  candemo.o(.text)
    main                                     0x0000090d   Thumb Code   202  candemo.o(.text)
    ADC_init                                 0x00000a59   Thumb Code    46  adc.o(.text)
    ADC_startCnv                             0x00000a87   Thumb Code    24  adc.o(.text)
    ADC_stopCnv                              0x00000a9f   Thumb Code    14  adc.o(.text)
    ADC_getCnv                               0x00000aad   Thumb Code    24  adc.o(.text)
    LED_init                                 0x00000ad5   Thumb Code    14  led.o(.text)
    LED_on                                   0x00000ae3   Thumb Code    38  led.o(.text)
    LED_off                                  0x00000b09   Thumb Code    38  led.o(.text)
    LED_out                                  0x00000b2f   Thumb Code    56  led.o(.text)
    wait_delay                               0x00000b7f   Thumb Code    12  glcd_lpc1700.o(.text)
    GLCD_Init                                0x00000c59   Thumb Code  2068  glcd_lpc1700.o(.text)
    GLCD_WindowMax                           0x0000146d   Thumb Code    88  glcd_lpc1700.o(.text)
    GLCD_PutPixel                            0x000014c5   Thumb Code    96  glcd_lpc1700.o(.text)
    GLCD_SetTextColor                        0x00001525   Thumb Code     6  glcd_lpc1700.o(.text)
    GLCD_SetBackColor                        0x0000152b   Thumb Code     6  glcd_lpc1700.o(.text)
    GLCD_Clear                               0x00001531   Thumb Code    96  glcd_lpc1700.o(.text)
    GLCD_DrawChar                            0x00001591   Thumb Code   232  glcd_lpc1700.o(.text)
    GLCD_DisplayChar                         0x00001679   Thumb Code    42  glcd_lpc1700.o(.text)
    GLCD_DisplayString                       0x000016a3   Thumb Code    36  glcd_lpc1700.o(.text)
    GLCD_ClearLn                             0x000016c7   Thumb Code    20  glcd_lpc1700.o(.text)
    GLCD_Bargraph                            0x000016db   Thumb Code   248  glcd_lpc1700.o(.text)
    GLCD_Bitmap                              0x000017d3   Thumb Code   274  glcd_lpc1700.o(.text)
    GLCD_Bmp                                 0x000018e5   Thumb Code   226  glcd_lpc1700.o(.text)
    __scatterload                            0x00001a65   Thumb Code    28  init.o(.text)
    __scatterload_rt2                        0x00001a65   Thumb Code     0  init.o(.text)
    __scatterload_copy                       0x00001a89   Thumb Code    14  handlers.o(i.__scatterload_copy)
    __scatterload_zeroinit                   0x00001a97   Thumb Code    14  handlers.o(i.__scatterload_zeroinit)
    CAN_BIT_TIME                             0x00001aa4   Data          68  can.o(.constdata)
    led_mask                                 0x00001ae8   Data          32  led.o(.constdata)
    Font_24x16                               0x00001b08   Data        5376  glcd_lpc1700.o(.constdata)
    Region$$Table$$Base                      0x00003008   Number         0  anon$$obj.o(Region$$Table)
    Region$$Table$$Limit                     0x00003028   Number         0  anon$$obj.o(Region$$Table)
    SystemFrequency                          0x10000000   Data           4  system_lpc17xx.o(.data)
    CAN_TxRdy                                0x10000004   Data           8  can.o(.data)
    CAN_RxRdy                                0x1000000c   Data           8  can.o(.data)
    val_Tx                                   0x1000001c   Data           4  candemo.o(.data)
    val_Rx                                   0x10000020   Data           4  candemo.o(.data)
    hex_chars                                0x10000024   Data          16  candemo.o(.data)
    CAN_TxMsg                                0x1000004c   Data          32  can.o(.bss)
    CAN_RxMsg                                0x1000006c   Data          32  can.o(.bss)
    __initial_sp                             0x10000290   Data           0  startup_lpc17xx.o(STACK)



==============================================================================

Memory Map of the image

  Image Entry point : 0x000000cd

  Load Region LR_IROM1 (Base: 0x00000000, Size: 0x00003074, Max: 0x00080000, ABSOLUTE)

    Execution Region ER_IROM1 (Exec base: 0x00000000, Load base: 0x00000000, Size: 0x00003028, Max: 0x00080000, ABSOLUTE)

    Exec Addr    Load Addr    Size         Type   Attr      Idx    E Section Name        Object

    0x00000000   0x00000000   0x000000cc   Data   RO            3    RESET               startup_lpc17xx.o
    0x000000cc   0x000000cc   0x00000000   Code   RO          210  * .ARM.Collect$$$$00000000  mc_w.l(entry.o)
    0x000000cc   0x000000cc   0x00000004   Code   RO          213    .ARM.Collect$$$$00000001  mc_w.l(entry2.o)
    0x000000d0   0x000000d0   0x00000004   Code   RO          216    .ARM.Collect$$$$00000004  mc_w.l(entry5.o)
    0x000000d4   0x000000d4   0x00000000   Code   RO          218    .ARM.Collect$$$$00000008  mc_w.l(entry7b.o)
    0x000000d4   0x000000d4   0x00000000   Code   RO          220    .ARM.Collect$$$$0000000A  mc_w.l(entry8b.o)
    0x000000d4   0x000000d4   0x00000008   Code   RO          221    .ARM.Collect$$$$0000000B  mc_w.l(entry9a.o)
    0x000000dc   0x000000dc   0x00000004   Code   RO          228    .ARM.Collect$$$$0000000E  mc_w.l(entry12b.o)
    0x000000e0   0x000000e0   0x00000000   Code   RO          223    .ARM.Collect$$$$0000000F  mc_w.l(entry10a.o)
    0x000000e0   0x000000e0   0x00000000   Code   RO          225    .ARM.Collect$$$$00000011  mc_w.l(entry11a.o)
    0x000000e0   0x000000e0   0x00000004   Code   RO          214    .ARM.Collect$$$$00002712  mc_w.l(entry2.o)
    0x000000e4   0x000000e4   0x00000004   Code   RO          181    .emb_text           glcd_lpc1700.o
    0x000000e8   0x000000e8   0x0000001c   Code   RO            5    .text               startup_lpc17xx.o
    0x00000104   0x00000104   0x000001f0   Code   RO           15    .text               system_lpc17xx.o
    0x000002f4   0x000002f4   0x00000002   Code   RO          234    i.__scatterload_null  mc_w.l(handlers.o)
    0x000002f6   0x000002f6   0x00000006   PAD
    0x000002fc   0x000002fc   0x00000004   Code   RO            4    .ARM.__at_0x02FC    startup_lpc17xx.o
    0x00000300   0x00000300   0x00000558   Code   RO           59    .text               can.o
    0x00000858   0x00000858   0x00000200   Code   RO           98    .text               candemo.o
    0x00000a58   0x00000a58   0x0000007c   Code   RO          134    .text               adc.o
    0x00000ad4   0x00000ad4   0x0000009c   Code   RO          158    .text               led.o
    0x00000b70   0x00000b70   0x00000ef4   Code   RO          182    .text               glcd_lpc1700.o
    0x00001a64   0x00001a64   0x00000024   Code   RO          229    .text               mc_w.l(init.o)
    0x00001a88   0x00001a88   0x0000000e   Code   RO          233    i.__scatterload_copy  mc_w.l(handlers.o)
    0x00001a96   0x00001a96   0x0000000e   Code   RO          235    i.__scatterload_zeroinit  mc_w.l(handlers.o)
    0x00001aa4   0x00001aa4   0x00000044   Data   RO           61    .constdata          can.o
    0x00001ae8   0x00001ae8   0x00000020   Data   RO          159    .constdata          led.o
    0x00001b08   0x00001b08   0x00001500   Data   RO          183    .constdata          glcd_lpc1700.o
    0x00003008   0x00003008   0x00000020   Data   RO          231    Region$$Table       anon$$obj.o


    Execution Region RW_IRAM1 (Exec base: 0x10000000, Load base: 0x00003028, Size: 0x00000290, Max: 0x00008000, ABSOLUTE)

    Exec Addr    Load Addr    Size         Type   Attr      Idx    E Section Name        Object

    0x10000000   0x00003028   0x00000004   Data   RW           16    .data               system_lpc17xx.o
    0x10000004   0x0000302c   0x00000018   Data   RW           62    .data               can.o
    0x1000001c   0x00003044   0x0000002a   Data   RW           99    .data               candemo.o
    0x10000046   0x0000306e   0x00000006   Data   RW          184    .data               glcd_lpc1700.o
    0x1000004c        -       0x00000040   Zero   RW           60    .bss                can.o
    0x1000008c   0x00003074   0x00000004   PAD
    0x10000090        -       0x00000200   Zero   RW            1    STACK               startup_lpc17xx.o


==============================================================================

Image component sizes


      Code (inc. data)   RO Data    RW Data    ZI Data      Debug   Object Name

       124         16          0          0          0        711   adc.o
      1368         88         68         24         64      44826   can.o
       512        130          0         42          0       2093   candemo.o
      3832         66       5376          6          0       9110   glcd_lpc1700.o
       156         10         32          0          0       1397   led.o
        32          8        204          0        512        968   startup_lpc17xx.o
       496         28          0          4          0       5259   system_lpc17xx.o

    ----------------------------------------------------------------------
      6520        346       5712         76        580      64364   Object Totals
         0          0         32          0          0          0   (incl. Generated)
         0          0          0          0          4          0   (incl. Padding)

    ----------------------------------------------------------------------

      Code (inc. data)   RO Data    RW Data    ZI Data      Debug   Library Member Name

         0          0          0          0          0          0   entry.o
         0          0          0          0          0          0   entry10a.o
         0          0          0          0          0          0   entry11a.o
         4          0          0          0          0          0   entry12b.o
         8          4          0          0          0          0   entry2.o
         4          0          0          0          0          0   entry5.o
         0          0          0          0          0          0   entry7b.o
         0          0          0          0          0          0   entry8b.o
         8          4          0          0          0          0   entry9a.o
        30          0          0          0          0          0   handlers.o
        36          8          0          0          0         68   init.o

    ----------------------------------------------------------------------
        96         16          0          0          0         68   Library Totals
         6          0          0          0          0          0   (incl. Padding)

    ----------------------------------------------------------------------

      Code (inc. data)   RO Data    RW Data    ZI Data      Debug   Library Name

        90         16          0          0          0         68   mc_w.l

    ----------------------------------------------------------------------
        96         16          0          0          0         68   Library Totals

    ----------------------------------------------------------------------

==============================================================================


      Code (inc. data)   RO Data    RW Data    ZI Data      Debug   

      6616        362       5712         76        580      64116   Grand Totals
      6616        362       5712         76        580      64116   ELF Image Totals
      6616        362       5712         76          0          0   ROM Totals

==============================================================================

    Total RO  Size (Code + RO Data)                12328 (  12.04kB)
    Total RW  Size (RW Data + ZI Data)               656 (   0.64kB)
    Total ROM Size (Code + RO Data + RW Data)      12404 (  12.11kB)

==============================================================================

